<?xml version="1.0" encoding="UTF-8"?>
<testsuites name="jest tests" tests="31" failures="0" time="12.008">
  <testsuite name="products reducer" errors="0" failures="0" skipped="0" timestamp="2019-02-06T02:21:29" time="4.262" tests="4">
    <testcase classname="products reducer should return the initial state" name="products reducer should return the initial state" time="0.01">
    </testcase>
    <testcase classname="products reducer should only return published products when action GET_PUBLISHED_PRODUCTS is dispatched" name="products reducer should only return published products when action GET_PUBLISHED_PRODUCTS is dispatched" time="0.001">
    </testcase>
    <testcase classname="products reducer should remove product from products list when action ADD_PRODUCT_TO_CART is dispatched" name="products reducer should remove product from products list when action ADD_PRODUCT_TO_CART is dispatched" time="0.001">
    </testcase>
    <testcase classname="products reducer should add product to products list when action REMOVE_PRODUCT_FROM_CART is dispatched" name="products reducer should add product to products list when action REMOVE_PRODUCT_FROM_CART is dispatched" time="0.001">
    </testcase>
  </testsuite>
  <testsuite name="ShoppingCartProductDisplay component" errors="0" failures="0" skipped="0" timestamp="2019-02-06T02:21:29" time="4.459" tests="3">
    <testcase classname="ShoppingCartProductDisplay component should render shopping cart product display name" name="ShoppingCartProductDisplay component should render shopping cart product display name" time="0.017">
    </testcase>
    <testcase classname="ShoppingCartProductDisplay component should render remove from cart button message" name="ShoppingCartProductDisplay component should render remove from cart button message" time="0.009">
    </testcase>
    <testcase classname="ShoppingCartProductDisplay component should call action on remove from cart button click" name="ShoppingCartProductDisplay component should call action on remove from cart button click" time="0.006">
    </testcase>
  </testsuite>
  <testsuite name="App container" errors="0" failures="0" skipped="0" timestamp="2019-02-06T02:21:29" time="4.889" tests="3">
    <testcase classname="App container should render the app title" name="App container should render the app title" time="0.021">
    </testcase>
    <testcase classname="App container should render ProductsContainer element" name="App container should render ProductsContainer element" time="0.002">
    </testcase>
    <testcase classname="App container should render ShoppingCartContainer element" name="App container should render ShoppingCartContainer element" time="0.001">
    </testcase>
  </testsuite>
  <testsuite name="Products container" errors="0" failures="0" skipped="0" timestamp="2019-02-06T02:21:33" time="0.701" tests="2">
    <testcase classname="Products container should render one ProductDisplay element in the products section" name="Products container should render one ProductDisplay element in the products section" time="0.009">
    </testcase>
    <testcase classname="Products container should render two ProductDisplay elements in the products section" name="Products container should render two ProductDisplay elements in the products section" time="0.003">
    </testcase>
  </testsuite>
  <testsuite name="ShoppingCart container" errors="0" failures="0" skipped="0" timestamp="2019-02-06T02:21:33" time="0.935" tests="4">
    <testcase classname="ShoppingCart container should render shopping cart title" name="ShoppingCart container should render shopping cart title" time="0.018">
    </testcase>
    <testcase classname="ShoppingCart container should render shopping cart message about no items being in cart" name="ShoppingCart container should render shopping cart message about no items being in cart" time="0.006">
    </testcase>
    <testcase classname="ShoppingCart container should render one ShoppingCartProductDisplay element in the shopping cart" name="ShoppingCart container should render one ShoppingCartProductDisplay element in the shopping cart" time="0.003">
    </testcase>
    <testcase classname="ShoppingCart container should render two ShoppingCartProductDisplay elements in the shopping cart" name="ShoppingCart container should render two ShoppingCartProductDisplay elements in the shopping cart" time="0.011">
    </testcase>
  </testsuite>
  <testsuite name="index reducer" errors="0" failures="0" skipped="0" timestamp="2019-02-06T02:21:34" time="0.529" tests="3">
    <testcase classname="index reducer should return the initial state" name="index reducer should return the initial state" time="0.002">
    </testcase>
    <testcase classname="index reducer should move product from products list into shopping cart list" name="index reducer should move product from products list into shopping cart list" time="0.001">
    </testcase>
    <testcase classname="index reducer should remove product from shopping cart list and add it into the products list" name="index reducer should remove product from shopping cart list and add it into the products list" time="0.001">
    </testcase>
  </testsuite>
  <testsuite name="ProductsList component" errors="0" failures="0" skipped="0" timestamp="2019-02-06T02:21:34" time="0.466" tests="1">
    <testcase classname="ProductsList component should render children" name="ProductsList component should render children" time="0.003">
    </testcase>
  </testsuite>
  <testsuite name="ProductDisplay component" errors="0" failures="0" skipped="0" timestamp="2019-02-06T02:21:34" time="0.541" tests="5">
    <testcase classname="ProductDisplay component should render product display name" name="ProductDisplay component should render product display name" time="0.004">
    </testcase>
    <testcase classname="ProductDisplay component should render product display image" name="ProductDisplay component should render product display image" time="0.005">
    </testcase>
    <testcase classname="ProductDisplay component should render product display price" name="ProductDisplay component should render product display price" time="0.006">
    </testcase>
    <testcase classname="ProductDisplay component should render add to cart button message" name="ProductDisplay component should render add to cart button message" time="0.003">
    </testcase>
    <testcase classname="ProductDisplay component should call action on add to cart button click" name="ProductDisplay component should call action on add to cart button click" time="0.003">
    </testcase>
  </testsuite>
  <testsuite name="actions" errors="0" failures="0" skipped="0" timestamp="2019-02-06T02:21:34" time="0.457" tests="2">
    <testcase classname="actions should create an action to add a product to shopping cart" name="actions should create an action to add a product to shopping cart" time="0.001">
    </testcase>
    <testcase classname="actions should create an action to remove a product from shopping cart" name="actions should create an action to remove a product from shopping cart" time="0">
    </testcase>
  </testsuite>
  <testsuite name="shoppingCart reducer" errors="0" failures="0" skipped="0" timestamp="2019-02-06T02:21:35" time="0.408" tests="3">
    <testcase classname="shoppingCart reducer should return the initial state" name="shoppingCart reducer should return the initial state" time="0.002">
    </testcase>
    <testcase classname="shoppingCart reducer should add product to shopping cart list when action ADD_PRODUCT_TO_CART is dispatched" name="shoppingCart reducer should add product to shopping cart list when action ADD_PRODUCT_TO_CART is dispatched" time="0.001">
    </testcase>
    <testcase classname="shoppingCart reducer should remove product from shopping cart list when action REMOVE_PRODUCT_FROM_CART is dispatched" name="shoppingCart reducer should remove product from shopping cart list when action REMOVE_PRODUCT_FROM_CART is dispatched" time="0">
    </testcase>
  </testsuite>
  <testsuite name="ShoppingCartList component" errors="0" failures="0" skipped="0" timestamp="2019-02-06T02:21:35" time="0.431" tests="1">
    <testcase classname="ShoppingCartList component should render children" name="ShoppingCartList component should render children" time="0.002">
    </testcase>
  </testsuite>
</testsuites>